<testsuites name="jest tests" tests="4" failures="1" time="4.428">
  <testsuite name="undefined" errors="0" failures="1" skipped="0" timestamp="2022-01-24T12:03:53" time="4.428" tests="4">
    <testcase classname=" Initial articles render correctly" name=" Initial articles render correctly" time="0.053">
      <failure>Error: expect(received).toEqual(expected) // deep equality

- Expected
+ Received

  Array [
-   &quot;Artificial Mountains&quot;,
-   &quot;200&quot;,
-   &quot;2019-11-23&quot;,
+   &quot;Alphabet earnings&quot;,
+   &quot;22&quot;,
+   &quot;2011-11-23&quot;,
  ]
    at forEach (D:\web projects\Hackerrank\9040708c-2ff2-4fe6-9af7-eb36d2f47dd2\src\App.test.js:89:36)
    at Array.forEach (&lt;anonymous&gt;)
    at expectArticles (D:\web projects\Hackerrank\9040708c-2ff2-4fe6-9af7-eb36d2f47dd2\src\App.test.js:84:12)
    at Object.&lt;anonymous&gt; (D:\web projects\Hackerrank\9040708c-2ff2-4fe6-9af7-eb36d2f47dd2\src\App.test.js:97:3)
    at Object.asyncJestTest (D:\web projects\Hackerrank\9040708c-2ff2-4fe6-9af7-eb36d2f47dd2\node_modules\jest-jasmine2\build\jasmineAsyncInstall.js:102:37)
    at D:\web projects\Hackerrank\9040708c-2ff2-4fe6-9af7-eb36d2f47dd2\node_modules\jest-jasmine2\build\queueRunner.js:43:12
    at new Promise (&lt;anonymous&gt;)
    at mapper (D:\web projects\Hackerrank\9040708c-2ff2-4fe6-9af7-eb36d2f47dd2\node_modules\jest-jasmine2\build\queueRunner.js:26:19)
    at D:\web projects\Hackerrank\9040708c-2ff2-4fe6-9af7-eb36d2f47dd2\node_modules\jest-jasmine2\build\queueRunner.js:73:41
    at processTicksAndRejections (node:internal/process/task_queues:96:5)</failure>
    </testcase>
    <testcase classname=" Clicking on top renders expected articles" name=" Clicking on top renders expected articles" time="0.034">
    </testcase>
    <testcase classname=" Clicking on newest renders expected articles" name=" Clicking on newest renders expected articles" time="0.027">
    </testcase>
    <testcase classname=" Sequence of navigation clicks renders expected artices" name=" Sequence of navigation clicks renders expected artices" time="0.052">
    </testcase>
  </testsuite>
</testsuites>